// Jest Snapshot v1, https://goo.gl/fbAQLP

exports[`Review renders basic component 1`] = `ShallowWrapper {}`;
